// Jest Snapshot v1, https://goo.gl/fbAQLP

exports[`<Output /> Snapshots should match snapshot 1`] = `
<div>
  <div
    class="sc-bdVaJa kbQBMw"
    id="capture"
  >
    <h1
      class="sc-bwzfXH cTtmfd"
      size="5"
    >
      mockedTitle
    </h1>
  </div>
</div>
`;
